LAMMPS (3 Mar 2020)
Reading data file ...
  orthogonal box = (0 0 0) to (50.399 50.399 50.399)
  1 by 2 by 2 MPI processor grid
  reading atoms ...
  1000 atoms
Finding 1-2 1-3 1-4 neighbors ...
  special bond factors lj:   0          0          0         
  special bond factors coul: 0          0          0         
  0 = max # of 1-2 neighbors
  0 = max # of 1-3 neighbors
  0 = max # of 1-4 neighbors
  1 = max # of special neighbors
  special bonds CPU = 0.000325918 secs
  read_data CPU = 0.005512 secs
WARNING: 82 of 250 force values in table are inconsistent with -dE/dr.
  Should only be flagged at inflection points (../pair_table.cpp:483)
WARNING: 249 of 250 distance values in table with relative error
  over 1e-06 to re-computed values (../pair_table.cpp:492)
WARNING: 117 of 250 force values in table are inconsistent with -dE/dr.
  Should only be flagged at inflection points (../pair_table.cpp:483)
WARNING: 249 of 250 distance values in table with relative error
  over 1e-06 to re-computed values (../pair_table.cpp:492)
WARNING: 111 of 250 force values in table are inconsistent with -dE/dr.
  Should only be flagged at inflection points (../pair_table.cpp:483)
WARNING: 249 of 250 distance values in table with relative error
  over 1e-06 to re-computed values (../pair_table.cpp:492)
Fix ucg info::
Total number of states 2
UCG calculated initial state distribution
state 0: 1000
state 1: 0
Input rate matrix
0.000000 0.000084 
0.000020 0.000000 
Input mhcorr matrix
0.000000 -1.382229 
1.382229 0.000000 
Total molecules in the system 1000
Neighbor list info ...
  update every 1 steps, delay 10 steps, check yes
  max neighbors/atom: 2000, page size: 100000
  master list distance cutoff = 17
  ghost atom cutoff = 17
  binsize = 8.5, bins = 6 6 6
  2 neighbor lists, perpetual/occasional/extra = 2 0 0
  (1) pair table, perpetual, half/full from (2)
      attributes: half, newton on
      pair build: halffull/newton
      stencil: none
      bin: none
  (2) fix ucg_gfrd, perpetual
      attributes: full, newton on
      pair build: full/bin
      stencil: full/bin/3d
      bin: standard
Setting up Verlet run ...
  Unit style    : real
  Current step  : 0
  Time step     : 1
Per MPI rank memory allocation (min/avg/max) = 6.769 | 6.769 | 6.77 Mbytes
Step Temp KinEng PotEng TotEng 
       0          300    893.34877    6488.9601    7382.3089 
       1      299.975    893.27433      6489.06    7382.3343 
U m 338 s 0 -> 1 f s 2 dU 0.950258 beta 1.677500
       2    299.95016    893.20036    6489.1084    7382.3087 
       3    299.92548    893.12686    6489.1946    7382.3215 
       4    299.90093    893.05377    6489.2935    7382.3472 
       5    299.87654    892.98113    6489.3919     7382.373 
       6    299.85234    892.90906    6489.4257    7382.3348 
       7    299.82832    892.83755    6489.4719    7382.3095 
       8    299.80447    892.76651    6489.4794    7382.2459 
       9    299.78076    892.69591    6489.5121     7382.208 
      10    299.75723    892.62584     6489.634    7382.2599 
Loop time of 0.0119362 on 4 procs for 10 steps with 1000 atoms

Performance: 72.385 ns/day, 0.332 hours/ns, 837.788 timesteps/s
98.1% CPU use with 4 MPI tasks x no OpenMP threads

MPI task timing breakdown:
Section |  min time  |  avg time  |  max time  |%varavg| %total
---------------------------------------------------------------
Pair    | 0.0052276  | 0.0077565  | 0.01007    |   2.0 | 64.98
Bond    | 0          | 1.967e-06  | 5.9605e-06 |   0.0 |  0.02
Neigh   | 0          | 0          | 0          |   0.0 |  0.00
Comm    | 0.00058484 | 0.0029315  | 0.0054841  |   3.3 | 24.56
Output  | 0.00014114 | 0.00033563 | 0.00043583 |   0.0 |  2.81
Modify  | 0.00080323 | 0.00086081 | 0.0010078  |   0.0 |  7.21
Other   |            | 4.971e-05  |            |       |  0.42

Nlocal:    250 ave 255 max 247 min
Histogram: 2 0 0 0 0 1 0 0 0 1
Nghost:    2061.25 ave 2071 max 2050 min
Histogram: 1 0 0 0 0 2 0 0 0 1
Neighs:    19988.5 ave 20407 max 19749 min
Histogram: 2 0 0 0 1 0 0 0 0 1
FullNghs:  39977 ave 40928 max 39510 min
Histogram: 2 0 0 1 0 0 0 0 0 1

Total # of neighbors = 159908
Ave neighs/atom = 159.908
Ave special neighs/atom = 0
Neighbor list builds = 0
Dangerous builds = 0
Total wall time: 0:00:00
